Microchip MPLAB XC8 Compiler V2.20

Linker command line:

-W-3 --edf=C:\Program Files\Microchip\xc8\v2.20\pic\dat\en_msgs.txt -cn \
  -h+dist/default/production\MCP79410MK1v3.0.X.production.sym \
  --cmf=dist/default/production\MCP79410MK1v3.0.X.production.cmf -z \
  -Q18F46K20 -oC:\Users\Torben\AppData\Local\Temp\shoc.2 \
  --defsym=__MPLAB_BUILD=1 \
  -Mdist/default/production/MCP79410MK1v3.0.X.production.map -E1 \
  -ver=XC8 Compiler --acfsm=1493 -ASTACK=0104h-0F5Fh -pstack=STACK \
  -ACODE=00h-0FFFFh -ACONST=00h-0FFFFh -ASMALLCONST=01000h-010FFhx240 \
  -AMEDIUMCONST=01000h-0FFFFh -ACOMRAM=01h-05Fh -AABS1=00h-0F5Fh \
  -ABIGRAM=01h-0F5Fh -ARAM=060h-0FFh,0100h-01FFhx14,0F00h-0F5Fh \
  -ABANK0=060h-0FFh -ABANK1=0100h-01FFh -ABANK2=0200h-02FFh \
  -ABANK3=0300h-03FFh -ABANK4=0400h-04FFh -ABANK5=0500h-05FFh \
  -ABANK6=0600h-06FFh -ABANK7=0700h-07FFh -ABANK8=0800h-08FFh \
  -ABANK9=0900h-09FFh -ABANK10=0A00h-0AFFh -ABANK11=0B00h-0BFFh \
  -ABANK12=0C00h-0CFFh -ABANK13=0D00h-0DFFh -ABANK14=0E00h-0EFFh \
  -ABANK15=0F00h-0F5Fh -ASFR=0F60h-0FFFh -ACONFIG=0300000h-030000Dh \
  -AIDLOC=0200000h-0200007h \
  -preset_vec=00h,intcode=08h,intcodelo,powerup,init -pramtop=01000h \
  -psmallconst=SMALLCONST -pmediumconst=MEDIUMCONST -pconst=CONST \
  -AFARRAM=00h-00h -AEEDATA=0F00000h-0F003FFh -peeprom_data=EEDATA \
  -prdata=COMRAM,nvrram=COMRAM,nvbit=COMRAM,rbss=COMRAM,rbit=COMRAM \
  -pfarbss=FARRAM,fardata=FARRAM,nvFARRAM=FARRAM \
  -pintsave_regs=BIGRAM,bigbss=BIGRAM,bigdata=BIGRAM -pbss=RAM \
  -pidata=CODE,irdata=CODE,ibigdata=CODE,ifardata=CODE -prparam=COMRAM \
  C:\Users\Torben\AppData\Local\Temp\shoc.o \
  dist/default/production\MCP79410MK1v3.0.X.production.o 

Object code version is 3.11

Machine type is 18F46K20



                Name                               Link     Load   Length Selector   Space Scale
C:\Users\Torben\AppData\Local\Temp\shoc.o
                idloc                            200000   200000        8        0       5
                config                           300000   300000        E        0       4
                init                                 B0       B0        4        4       0
                reset_vec                             0        0        4        0       0
dist/default/production\MCP79410MK1v3.0.X.production.o
                intcode                               8        8       A8        4       0
                idloc                            200000   200000        8        0       5
                config                           300000   300000        E        0       4
                temp                                 5B       5B        1        1       1
                smallconst                         1000     1000       4A      800       0
                text89                             260A     260A       2C      825       0
                text88                             286A     286A        6      825       0
                text87                             28A0     28A0        2      825       0
                text86                             2864     2864        6      825       0
                text85                             19E0     19E0       BC      825       0
                text84                             2362     2362       42      825       0
                text82                             289C     289C        4      825       0
                text81                             2898     2898        4      825       0
                text80                             2894     2894        4      825       0
                text79                             25DE     25DE       2C      825       0
                text78                             2890     2890        4      825       0
                text77                             288C     288C        4      825       0
                text76                             2888     2888        4      825       0
                text75                             2686     2686       24      825       0
                text74                             1E0C     1E0C       7A      825       0
                text73                             2720     2720       18      825       0
                text72                             25B2     25B2       2C      825       0
                text71                             2586     2586       2C      825       0
                text70                             255A     255A       2C      825       0
                text69                             252E     252E       2C      825       0
                text68                             23A4     23A4       40      825       0
                text67                             2884     2884        4      825       0
                text66                             2880     2880        4      825       0
                text65                             287C     287C        4      825       0
                text64                             285E     285E        6      825       0
                text63                             2878     2878        4      825       0
                text62                             2858     2858        6      825       0
                text61                             2850     2850        8      825       0
                text60                             2762     2762       14      825       0
                text59                             2874     2874        4      825       0
                text58                             1D90     1D90       7C      825       0
                text57                             27BE     27BE        C      825       0
                text56                             2796     2796       10      825       0
                text55                             2786     2786       10      825       0
                text54                             191C     191C       C4      825       0
                text53                             1B46     1B46       A6      825       0
                text52                             27B2     27B2        C      825       0
                text51                             2848     2848        8      825       0
                text50                             2840     2840        8      825       0
                text49                             2838     2838        8      825       0
                text48                             2830     2830        8      825       0
                text47                             2828     2828        8      825       0
                text46                             2820     2820        8      825       0
                text45                             2818     2818        8      825       0
                text44                             27A6     27A6        C      825       0
                text43                             20B8     20B8       66      825       0
                text42                             1F70     1F70       70      825       0
                text41                             2776     2776       10      825       0
                text40                             26EA     26EA       1E      825       0
                text39                             231E     231E       44      825       0
                text38                             2810     2810        8      825       0
                text37                             26AA     26AA       22      825       0
                text36                             1C82     1C82       8E      825       0
                text35                             2708     2708       18      825       0
                text34                             1EFC     1EFC       74      825       0
                text33                             204E     204E       6A      825       0
                text32                             1D10     1D10       80      825       0
                text31                             1FE0     1FE0       6E      825       0
                text30                             228A     228A       50      825       0
                text29                             2806     2806        A      825       0
                text28                             27FC     27FC        A      825       0
                text27                             27F2     27F2        A      825       0
                text26                             27E8     27E8        A      825       0
                text25                             27DE     27DE        A      825       0
                text24                             1E86     1E86       76      825       0
                text23                             274E     274E       14      825       0
                text22                             2870     2870        4      825       0
                text21                             27D4     27D4        A      825       0
                text20                             24FE     24FE       30      825       0
                text19                             2738     2738       16      825       0
                text18                             2660     2660       26      825       0
                text17                             2490     2490       38      825       0
                text16                             2238     2238       52      825       0
                text15                             16BC     16BC      19A      825       0
                text14                             23E4     23E4       3C      825       0
                text13                             2458     2458       38      825       0
                text12                             21E0     21E0       58      825       0
                text11                             27CA     27CA        A      825       0
                text10                             1BEC     1BEC       96      825       0
                text9                              22DA     22DA       44      825       0
                text8                              24C8     24C8       36      825       0
                text7                              1856     1856       C6      825       0
                text6                              2420     2420       38      825       0
                text5                              2182     2182       5E      825       0
                text4                              13E4     13E4      2D8      825       0
                text3                              104A     104A      39A      825       0
                text2                              211E     211E       64      825       0
                text1                              2636     2636       2A      825       0
                text0                              1A9C     1A9C       AA      825       0
                cstackCOMRAM                          1        1       56        1       1
                cstackBANK0                          D1       D1       21       60       1
                cstackBANK1                         100      100        4      100       1
                bssBANK0                             60       60       71       60       1
                bssCOMRAM                            57       57        4        1       1
                cinit                              26CC     26CC       1E      825       0
                nvBANK0                              F2       F2        B       60       1

TOTAL           Name                               Link     Load   Length     Space
        CLASS   STACK          

        CLASS   CODE           
                intcode                               8        8       A8         0
                init                                 B0       B0        4         0
                reset_vec                             0        0        4         0
                text89                             260A     260A       2C         0
                text88                             286A     286A        6         0
                text87                             28A0     28A0        2         0
                text86                             2864     2864        6         0
                text85                             19E0     19E0       BC         0
                text84                             2362     2362       42         0
                text82                             289C     289C        4         0
                text81                             2898     2898        4         0
                text80                             2894     2894        4         0
                text79                             25DE     25DE       2C         0
                text78                             2890     2890        4         0
                text77                             288C     288C        4         0
                text76                             2888     2888        4         0
                text75                             2686     2686       24         0
                text74                             1E0C     1E0C       7A         0
                text73                             2720     2720       18         0
                text72                             25B2     25B2       2C         0
                text71                             2586     2586       2C         0
                text70                             255A     255A       2C         0
                text69                             252E     252E       2C         0
                text68                             23A4     23A4       40         0
                text67                             2884     2884        4         0
                text66                             2880     2880        4         0
                text65                             287C     287C        4         0
                text64                             285E     285E        6         0
                text63                             2878     2878        4         0
                text62                             2858     2858        6         0
                text61                             2850     2850        8         0
                text60                             2762     2762       14         0
                text59                             2874     2874        4         0
                text58                             1D90     1D90       7C         0
                text57                             27BE     27BE        C         0
                text56                             2796     2796       10         0
                text55                             2786     2786       10         0
                text54                             191C     191C       C4         0
                text53                             1B46     1B46       A6         0
                text52                             27B2     27B2        C         0
                text51                             2848     2848        8         0
                text50                             2840     2840        8         0
                text49                             2838     2838        8         0
                text48                             2830     2830        8         0
                text47                             2828     2828        8         0
                text46                             2820     2820        8         0
                text45                             2818     2818        8         0
                text44                             27A6     27A6        C         0
                text43                             20B8     20B8       66         0
                text42                             1F70     1F70       70         0
                text41                             2776     2776       10         0
                text40                             26EA     26EA       1E         0
                text39                             231E     231E       44         0
                text38                             2810     2810        8         0
                text37                             26AA     26AA       22         0
                text36                             1C82     1C82       8E         0
                text35                             2708     2708       18         0
                text34                             1EFC     1EFC       74         0
                text33                             204E     204E       6A         0
                text32                             1D10     1D10       80         0
                text31                             1FE0     1FE0       6E         0
                text30                             228A     228A       50         0
                text29                             2806     2806        A         0
                text28                             27FC     27FC        A         0
                text27                             27F2     27F2        A         0
                text26                             27E8     27E8        A         0
                text25                             27DE     27DE        A         0
                text24                             1E86     1E86       76         0
                text23                             274E     274E       14         0
                text22                             2870     2870        4         0
                text21                             27D4     27D4        A         0
                text20                             24FE     24FE       30         0
                text19                             2738     2738       16         0
                text18                             2660     2660       26         0
                text17                             2490     2490       38         0
                text16                             2238     2238       52         0
                text15                             16BC     16BC      19A         0
                text14                             23E4     23E4       3C         0
                text13                             2458     2458       38         0
                text12                             21E0     21E0       58         0
                text11                             27CA     27CA        A         0
                text10                             1BEC     1BEC       96         0
                text9                              22DA     22DA       44         0
                text8                              24C8     24C8       36         0
                text7                              1856     1856       C6         0
                text6                              2420     2420       38         0
                text5                              2182     2182       5E         0
                text4                              13E4     13E4      2D8         0
                text3                              104A     104A      39A         0
                text2                              211E     211E       64         0
                text1                              2636     2636       2A         0
                text0                              1A9C     1A9C       AA         0
                cinit                              26CC     26CC       1E         0

        CLASS   CONST          

        CLASS   SMALLCONST     
                smallconst                         1000     1000       4A         0

        CLASS   MEDIUMCONST    

        CLASS   COMRAM         
                temp                                 5B       5B        1         1
                cstackCOMRAM                          1        1       56         1
                bssCOMRAM                            57       57        4         1

        CLASS   ABS1           

        CLASS   BIGRAM         

        CLASS   RAM            

        CLASS   BANK0          
                cstackBANK0                          D1       D1       21         1
                bssBANK0                             60       60       71         1
                nvBANK0                              F2       F2        B         1

        CLASS   BANK1          
                cstackBANK1                         100      100        4         1

        CLASS   BANK2          

        CLASS   BANK3          

        CLASS   BANK4          

        CLASS   BANK5          

        CLASS   BANK6          

        CLASS   BANK7          

        CLASS   BANK8          

        CLASS   BANK9          

        CLASS   BANK10         

        CLASS   BANK11         

        CLASS   BANK12         

        CLASS   BANK13         

        CLASS   BANK14         

        CLASS   BANK15         

        CLASS   SFR            

        CLASS   CONFIG         
                config                           300000   300000        E         4

        CLASS   IDLOC          
                idloc                            200000   200000        8         5

        CLASS   FARRAM         

        CLASS   EEDATA         



SEGMENTS        Name                           Load    Length   Top    Selector   Space  Class

                reset_vec                      000000  000004  000004         0       0  CODE    
                cstackCOMRAM                   000001  00005B  00005C         1       1  COMRAM  
                intcode                        000008  0000AC  0000B4         4       0  CODE    
                bssBANK0                       000060  00009D  0000FD        60       1  BANK0   
                cstackBANK1                    000100  000004  000104       100       1  BANK1   
                smallconst                     001000  00004A  00104A       800       0  SMALLCON
                text3                          00104A  001858  0028A2       825       0  CODE    


UNUSED ADDRESS RANGES

        Name                Unused          Largest block    Delta
        BANK0            0000FD-0000FF                3
        BANK1            000104-0001FF               FC
        BANK10           000A00-000AFF              100
        BANK11           000B00-000BFF              100
        BANK12           000C00-000CFF              100
        BANK13           000D00-000DFF              100
        BANK14           000E00-000EFF              100
        BANK15           000F00-000F5F               60
        BANK2            000200-0002FF              100
        BANK3            000300-0003FF              100
        BANK4            000400-0004FF              100
        BANK5            000500-0005FF              100
        BANK6            000600-0006FF              100
        BANK7            000700-0007FF              100
        BANK8            000800-0008FF              100
        BANK9            000900-0009FF              100
        BIGRAM           00005C-00005F                4
                         0000FD-0000FF                3
                         000104-000F5F              E5C
        CODE             000004-000007                4
                         0000B4-000FFF              F4C
                         0028A2-00FFFF             D75E
        COMRAM           00005C-00005F                4
        CONST            000004-000007                4
                         0000B4-000FFF              F4C
                         0028A2-00FFFF             D75E
        EEDATA           F00000-F003FF              400
        MEDIUMCONST      0028A2-00FFFF             D75E
        RAM              0000FD-0000FF                3
                         000104-000F5F              100
        SFR              000F60-000FFF               A0
        SMALLCONST       0028A2-00FFFF              100
        STACK            000104-000F5F              E5C

                                  Symbol Table

?___wmul                                       cstackCOMRAM 000005
?_atoi                                         cstackCOMRAM 00000C
?_isalpha                                      cstackCOMRAM 000005
?_isdigit                                      cstackCOMRAM 000005
?_islower                                      cstackCOMRAM 000005
?_isspace                                      cstackCOMRAM 000005
?_isupper                                      cstackCOMRAM 000005
?_pad                                          cstackCOMRAM 000017
?_printf                                       cstackBANK0  0000E4
?_strlen                                       cstackCOMRAM 000005
?_toupper                                      cstackCOMRAM 00000B
?_vfpfcnvrt                                    cstackCOMRAM 000049
?_vfprintf                                     cstackBANK0  0000DE
?_xtoa                                         cstackCOMRAM 000022
EUSART_SetErrorHandler@interruptHandler        cstackCOMRAM 000005
EUSART_SetFramingErrorHandler@interruptHandler cstackCOMRAM 000005
EUSART_SetOverrunErrorHandler@interruptHandler cstackCOMRAM 000005
EUSART_SetRxInterruptHandler@interruptHandler  cstackCOMRAM 000005
EUSART_SetTxInterruptHandler@interruptHandler  cstackCOMRAM 000005
EUSART_Write@txData                            cstackCOMRAM 000005
I2C_CallbackReturnReset@funPtr                 cstackCOMRAM 00000E
I2C_Close@returnValue                          cstackCOMRAM 000005
I2C_MasterOperation@read                       cstackCOMRAM 000014
I2C_MasterOperation@returnValue                cstackCOMRAM 000015
I2C_MasterSendTxData@data                      cstackCOMRAM 000005
I2C_Open@address                               cstackCOMRAM 000005
I2C_Open@returnValue                           cstackCOMRAM 000006
I2C_Read1ByteRegister@address                  cstackCOMRAM 000017
I2C_Read1ByteRegister@reg                      cstackCOMRAM 000016
I2C_Read1ByteRegister@returnValue              cstackCOMRAM 000018
I2C_SetAddressNackCallback@cb                  cstackCOMRAM 00000A
I2C_SetAddressNackCallback@ptr                 cstackCOMRAM 00000C
I2C_SetBuffer@buffer                           cstackCOMRAM 000005
I2C_SetBuffer@bufferSize                       cstackCOMRAM 000007
I2C_SetCallback@cb                             cstackCOMRAM 000005
I2C_SetCallback@idx                            cstackCOMRAM 000009
I2C_SetCallback@ptr                            cstackCOMRAM 000007
I2C_SetDataCompleteCallback@cb                 cstackCOMRAM 00000A
I2C_SetDataCompleteCallback@ptr                cstackCOMRAM 00000C
I2C_Write1ByteRegister@address                 cstackCOMRAM 000018
I2C_Write1ByteRegister@data                    cstackCOMRAM 000017
I2C_Write1ByteRegister@reg                     cstackCOMRAM 000016
MCP79410_get_date@day                          cstackCOMRAM 000019
MCP79410_get_date@mouth                        cstackCOMRAM 00001B
MCP79410_get_date@year                         cstackCOMRAM 00001D
MCP79410_get_time@hour                         cstackCOMRAM 000019
MCP79410_get_time@min                          cstackCOMRAM 00001B
MCP79410_get_time@sec                          cstackCOMRAM 00001D
_ANSEL                                         (abs)        000F7E
_ANSELH                                        (abs)        000F7F
_BAUDCON                                       (abs)        000FB8
_EUSART_DefaultErrorHandler                    text88       00286A
_EUSART_DefaultFramingErrorHandler             text87       0028A0
_EUSART_DefaultOverrunErrorHandler             text86       002864
_EUSART_ErrorHandler                           nvBANK0      0000F2
_EUSART_FramingErrorHandler                    nvBANK0      0000F6
_EUSART_Initialize                             text24       001E86
_EUSART_OverrunErrorHandler                    nvBANK0      0000F4
_EUSART_Receive_ISR                            text85       0019E0
_EUSART_RxDataHandler                          text89       00260A
_EUSART_RxDefaultInterruptHandler              nvBANK0      0000F8
_EUSART_SetErrorHandler                        text29       002806
_EUSART_SetFramingErrorHandler                 text28       0027FC
_EUSART_SetOverrunErrorHandler                 text27       0027F2
_EUSART_SetRxInterruptHandler                  text26       0027E8
_EUSART_SetTxInterruptHandler                  text25       0027DE
_EUSART_Transmit_ISR                           text84       002362
_EUSART_TxDefaultInterruptHandler              nvBANK0      0000FA
_EUSART_Write                                  text12       0021E0
_I2C_CallbackReturnReset                       text66       002880
_I2C_CallbackReturnStop                        text67       002884
_I2C_Close                                     text79       0025DE
_I2C_DO_ADDRESS_NACK                           text43       0020B8
_I2C_DO_IDLE                                   text57       0027BE
_I2C_DO_RCEN                                   text52       0027B2
_I2C_DO_RESET                                  text44       0027A6
_I2C_DO_RX                                     text53       001B46
_I2C_DO_RX_ACK                                 text47       002828
_I2C_DO_RX_NACK_RESTART                        text45       002818
_I2C_DO_RX_NACK_STOP                           text46       002820
_I2C_DO_SEND_ADR_READ                          text56       002796
_I2C_DO_SEND_ADR_WRITE                         text55       002786
_I2C_DO_SEND_RESTART                           text49       002838
_I2C_DO_SEND_RESTART_READ                      text51       002848
_I2C_DO_SEND_RESTART_WRITE                     text50       002840
_I2C_DO_SEND_STOP                              text48       002830
_I2C_DO_TX                                     text54       00191C
_I2C_DO_TX_EMPTY                               text58       001D90
_I2C_Initialize                                text23       00274E
_I2C_MasterClearIrq                            text82       00289C
_I2C_MasterClose                               text81       002898
_I2C_MasterDisableIrq                          text80       002894
_I2C_MasterEnableRestart                       text77       00288C
_I2C_MasterFsm                                 text42       001F70
_I2C_MasterGetRxData                           text63       002878
_I2C_MasterIsNack                              text60       002762
_I2C_MasterOpen                                text37       0026AA
_I2C_MasterOperation                           text39       00231E
_I2C_MasterSendAck                             text62       002858
_I2C_MasterSendNack                            text64       00285E
_I2C_MasterSendTxData                          text61       002850
_I2C_MasterSetIrq                              text59       002874
_I2C_MasterStart                               text78       002890
_I2C_MasterStartRx                             text65       00287C
_I2C_MasterStop                                text76       002888
_I2C_MasterWaitForEvent                        text41       002776
_I2C_MasterWrite                               text38       002810
_I2C_Open                                      text36       001C82
_I2C_Poller                                    text40       0026EA
_I2C_Read1ByteRegister                         text34       001EFC
_I2C_SetAddressNackCallback                    text35       002708
_I2C_SetBuffer                                 text75       002686
_I2C_SetCallback                               text74       001E0C
_I2C_SetDataCompleteCallback                   text73       002720
_I2C_Status                                    bssBANK0     000060
_I2C_Write1ByteRegister                        text31       001FE0
_INTCON2bits                                   (abs)        000FF1
_INTCONbits                                    (abs)        000FF2
_INTERRUPT_Initialize                          text22       002870
_INTERRUPT_InterruptManager                    intcode      000008
_LATA                                          (abs)        000F89
_LATB                                          (abs)        000F8A
_LATC                                          (abs)        000F8B
_LATD                                          (abs)        000F8C
_LATE                                          (abs)        000F8D
_MCP79410_get_date                             text33       00204E
_MCP79410_get_time                             text32       001D10
_MCP79410_init                                 text30       00228A
_OSCCON                                        (abs)        000FD3
_OSCILLATOR_Initialize                         text21       0027D4
_OSCTUNE                                       (abs)        000F9B
_PIE1bits                                      (abs)        000F9D
_PIN_MANAGER_Initialize                        text20       0024FE
_PIR1bits                                      (abs)        000F9E
_PIR2bits                                      (abs)        000FA1
_RCONbits                                      (abs)        000FD0
_RCREG                                         (abs)        000FAE
_RCSTA                                         (abs)        000FAB
_RCSTAbits                                     (abs)        000FAB
_SPBRG                                         (abs)        000FAF
_SPBRGH                                        (abs)        000FB0
_SSPADD                                        (abs)        000FC8
_SSPBUF                                        (abs)        000FC9
_SSPCON1                                       (abs)        000FC6
_SSPCON1bits                                   (abs)        000FC6
_SSPCON2                                       (abs)        000FC5
_SSPCON2bits                                   (abs)        000FC5
_SSPSTAT                                       (abs)        000FC7
_SSPSTATbits                                   (abs)        000FC7
_SYSTEM_Initialize                             text19       002738
_Slave_Address                                 bssBANK0     0000A8
_TRISA                                         (abs)        000F92
_TRISB                                         (abs)        000F93
_TRISC                                         (abs)        000F94
_TRISD                                         (abs)        000F95
_TRISE                                         (abs)        000F96
_TXREG                                         (abs)        000FAD
_TXSTA                                         (abs)        000FAC
_TXSTAbits                                     (abs)        000FAC
_WPUB                                          (abs)        000F7C
__HRAM                                         (abs)        000000
__Habs1                                        abs1         000000
__Hbank0                                       bank0        000000
__Hbank1                                       bank1        000000
__Hbank10                                      bank10       000000
__Hbank11                                      bank11       000000
__Hbank12                                      bank12       000000
__Hbank13                                      bank13       000000
__Hbank14                                      bank14       000000
__Hbank15                                      bank15       000000
__Hbank2                                       bank2        000000
__Hbank3                                       bank3        000000
__Hbank4                                       bank4        000000
__Hbank5                                       bank5        000000
__Hbank6                                       bank6        000000
__Hbank7                                       bank7        000000
__Hbank8                                       bank8        000000
__Hbank9                                       bank9        000000
__Hbigbss                                      bigbss       000000
__Hbigdata                                     bigdata      000000
__Hbigram                                      bigram       000000
__Hbss                                         bss          000000
__HbssBANK0                                    bssBANK0     000000
__HbssCOMRAM                                   bssCOMRAM    000000
__Hcinit                                       cinit        000000
__Hclrtext                                     clrtext      000000
__Hcomram                                      comram       000000
__Hconfig                                      config       30000E
__Hconst                                       const        000000
__HcstackBANK0                                 cstackBANK0  000000
__HcstackBANK1                                 cstackBANK1  000000
__HcstackCOMRAM                                cstackCOMRAM 000000
__Hdata                                        data         000000
__Heeprom_data                                 eeprom_data  000000
__Hfarbss                                      farbss       000000
__Hfardata                                     fardata      000000
__Hibigdata                                    ibigdata     000000
__Hidata                                       idata        000000
__Hidloc                                       idloc        200008
__Hifardata                                    ifardata     000000
__Hinit                                        init         0000B4
__Hintcode                                     intcode      0000B0
__Hintcode_body                                intcode_body 000000
__Hintcodelo                                   intcodelo    0000B0
__Hintentry                                    intentry     000000
__Hintret                                      intret       000000
__Hintsave_regs                                intsave_regs 000000
__Hirdata                                      irdata       000000
__Hmediumconst                                 mediumconst  000000
__HnvBANK0                                     nvBANK0      000000
__HnvFARRAM                                    nvFARRAM     000000
__Hnvbit                                       nvbit        000000
__Hnvrram                                      nvrram       000000
__Hparam                                       rparam       000000
__Hpowerup                                     powerup      0000B0
__Hram                                         ram          000000
__Hramtop                                      ramtop       001000
__Hrbit                                        rbit         000000
__Hrbss                                        rbss         000000
__Hrdata                                       rdata        000000
__Hreset_vec                                   reset_vec    000004
__Hrparam                                      rparam       000000
__Hsfr                                         sfr          000000
__Hsmallconst                                  smallconst   00104A
__Hspace_0                                     (abs)        0028A2
__Hspace_1                                     (abs)        000104
__Hspace_2                                     (abs)        000000
__Hspace_4                                     (abs)        60000E
__Hstack                                       stack        000000
__Hstruct                                      struct       000000
__Htemp                                        temp         00005C
__Htext                                        text         000000
__Htext0                                       text0        000000
__Htext1                                       text1        000000
__Htext10                                      text10       000000
__Htext11                                      text11       000000
__Htext12                                      text12       000000
__Htext13                                      text13       000000
__Htext14                                      text14       000000
__Htext15                                      text15       000000
__Htext16                                      text16       000000
__Htext17                                      text17       000000
__Htext18                                      text18       000000
__Htext19                                      text19       000000
__Htext2                                       text2        000000
__Htext20                                      text20       000000
__Htext21                                      text21       000000
__Htext22                                      text22       000000
__Htext23                                      text23       000000
__Htext24                                      text24       000000
__Htext25                                      text25       000000
__Htext26                                      text26       000000
__Htext27                                      text27       000000
__Htext28                                      text28       000000
__Htext29                                      text29       000000
__Htext3                                       text3        000000
__Htext30                                      text30       000000
__Htext31                                      text31       000000
__Htext32                                      text32       000000
__Htext33                                      text33       000000
__Htext34                                      text34       000000
__Htext35                                      text35       000000
__Htext36                                      text36       000000
__Htext37                                      text37       000000
__Htext38                                      text38       000000
__Htext39                                      text39       000000
__Htext4                                       text4        000000
__Htext40                                      text40       000000
__Htext41                                      text41       000000
__Htext42                                      text42       000000
__Htext43                                      text43       000000
__Htext44                                      text44       000000
__Htext45                                      text45       000000
__Htext46                                      text46       000000
__Htext47                                      text47       000000
__Htext48                                      text48       000000
__Htext49                                      text49       000000
__Htext5                                       text5        000000
__Htext50                                      text50       000000
__Htext51                                      text51       000000
__Htext52                                      text52       000000
__Htext53                                      text53       000000
__Htext54                                      text54       000000
__Htext55                                      text55       000000
__Htext56                                      text56       000000
__Htext57                                      text57       000000
__Htext58                                      text58       000000
__Htext59                                      text59       000000
__Htext6                                       text6        000000
__Htext60                                      text60       000000
__Htext61                                      text61       000000
__Htext62                                      text62       000000
__Htext63                                      text63       000000
__Htext64                                      text64       000000
__Htext65                                      text65       000000
__Htext66                                      text66       000000
__Htext67                                      text67       000000
__Htext68                                      text68       000000
__Htext69                                      text69       000000
__Htext7                                       text7        000000
__Htext70                                      text70       000000
__Htext71                                      text71       000000
__Htext72                                      text72       000000
__Htext73                                      text73       000000
__Htext74                                      text74       000000
__Htext75                                      text75       000000
__Htext76                                      text76       000000
__Htext77                                      text77       000000
__Htext78                                      text78       000000
__Htext79                                      text79       000000
__Htext8                                       text8        000000
__Htext80                                      text80       000000
__Htext81                                      text81       000000
__Htext82                                      text82       000000
__Htext84                                      text84       000000
__Htext85                                      text85       000000
__Htext86                                      text86       000000
__Htext87                                      text87       000000
__Htext88                                      text88       000000
__Htext89                                      text89       000000
__Htext9                                       text9        000000
__Htext90                                      text90       000000
__LRAM                                         (abs)        000001
__Labs1                                        abs1         000000
__Lbank0                                       bank0        000000
__Lbank1                                       bank1        000000
__Lbank10                                      bank10       000000
__Lbank11                                      bank11       000000
__Lbank12                                      bank12       000000
__Lbank13                                      bank13       000000
__Lbank14                                      bank14       000000
__Lbank15                                      bank15       000000
__Lbank2                                       bank2        000000
__Lbank3                                       bank3        000000
__Lbank4                                       bank4        000000
__Lbank5                                       bank5        000000
__Lbank6                                       bank6        000000
__Lbank7                                       bank7        000000
__Lbank8                                       bank8        000000
__Lbank9                                       bank9        000000
__Lbigbss                                      bigbss       000000
__Lbigdata                                     bigdata      000000
__Lbigram                                      bigram       000000
__Lbss                                         bss          000000
__LbssBANK0                                    bssBANK0     000000
__LbssCOMRAM                                   bssCOMRAM    000000
__Lcinit                                       cinit        000000
__Lclrtext                                     clrtext      000000
__Lcomram                                      comram       000000
__Lconfig                                      config       000000
__Lconst                                       const        000000
__LcstackBANK0                                 cstackBANK0  000000
__LcstackBANK1                                 cstackBANK1  000000
__LcstackCOMRAM                                cstackCOMRAM 000000
__Ldata                                        data         000000
__Leeprom_data                                 eeprom_data  000000
__Lfarbss                                      farbss       000000
__Lfardata                                     fardata      000000
__Libigdata                                    ibigdata     000000
__Lidata                                       idata        000000
__Lidloc                                       idloc        000000
__Lifardata                                    ifardata     000000
__Linit                                        init         0000B0
__Lintcode                                     intcode      000008
__Lintcode_body                                intcode_body 000000
__Lintcodelo                                   intcodelo    0000B0
__Lintentry                                    intentry     000000
__Lintret                                      intret       000000
__Lintsave_regs                                intsave_regs 000000
__Lirdata                                      irdata       000000
__Lmediumconst                                 mediumconst  000000
__LnvBANK0                                     nvBANK0      000000
__LnvFARRAM                                    nvFARRAM     000000
__Lnvbit                                       nvbit        000000
__Lnvrram                                      nvrram       000000
__Lparam                                       rparam       000000
__Lpowerup                                     powerup      0000B0
__Lram                                         ram          000000
__Lramtop                                      ramtop       001000
__Lrbit                                        rbit         000000
__Lrbss                                        rbss         000000
__Lrdata                                       rdata        000000
__Lreset_vec                                   reset_vec    000000
__Lrparam                                      rparam       000000
__Lsfr                                         sfr          000000
__Lsmallconst                                  smallconst   001000
__Lspace_0                                     (abs)        000000
__Lspace_1                                     (abs)        000000
__Lspace_2                                     (abs)        000000
__Lspace_4                                     (abs)        000000
__Lstack                                       stack        000000
__Lstruct                                      struct       000000
__Ltemp                                        temp         00005B
__Ltext                                        text         000000
__Ltext0                                       text0        000000
__Ltext1                                       text1        000000
__Ltext10                                      text10       000000
__Ltext11                                      text11       000000
__Ltext12                                      text12       000000
__Ltext13                                      text13       000000
__Ltext14                                      text14       000000
__Ltext15                                      text15       000000
__Ltext16                                      text16       000000
__Ltext17                                      text17       000000
__Ltext18                                      text18       000000
__Ltext19                                      text19       000000
__Ltext2                                       text2        000000
__Ltext20                                      text20       000000
__Ltext21                                      text21       000000
__Ltext22                                      text22       000000
__Ltext23                                      text23       000000
__Ltext24                                      text24       000000
__Ltext25                                      text25       000000
__Ltext26                                      text26       000000
__Ltext27                                      text27       000000
__Ltext28                                      text28       000000
__Ltext29                                      text29       000000
__Ltext3                                       text3        000000
__Ltext30                                      text30       000000
__Ltext31                                      text31       000000
__Ltext32                                      text32       000000
__Ltext33                                      text33       000000
__Ltext34                                      text34       000000
__Ltext35                                      text35       000000
__Ltext36                                      text36       000000
__Ltext37                                      text37       000000
__Ltext38                                      text38       000000
__Ltext39                                      text39       000000
__Ltext4                                       text4        000000
__Ltext40                                      text40       000000
__Ltext41                                      text41       000000
__Ltext42                                      text42       000000
__Ltext43                                      text43       000000
__Ltext44                                      text44       000000
__Ltext45                                      text45       000000
__Ltext46                                      text46       000000
__Ltext47                                      text47       000000
__Ltext48                                      text48       000000
__Ltext49                                      text49       000000
__Ltext5                                       text5        000000
__Ltext50                                      text50       000000
__Ltext51                                      text51       000000
__Ltext52                                      text52       000000
__Ltext53                                      text53       000000
__Ltext54                                      text54       000000
__Ltext55                                      text55       000000
__Ltext56                                      text56       000000
__Ltext57                                      text57       000000
__Ltext58                                      text58       000000
__Ltext59                                      text59       000000
__Ltext6                                       text6        000000
__Ltext60                                      text60       000000
__Ltext61                                      text61       000000
__Ltext62                                      text62       000000
__Ltext63                                      text63       000000
__Ltext64                                      text64       000000
__Ltext65                                      text65       000000
__Ltext66                                      text66       000000
__Ltext67                                      text67       000000
__Ltext68                                      text68       000000
__Ltext69                                      text69       000000
__Ltext7                                       text7        000000
__Ltext70                                      text70       000000
__Ltext71                                      text71       000000
__Ltext72                                      text72       000000
__Ltext73                                      text73       000000
__Ltext74                                      text74       000000
__Ltext75                                      text75       000000
__Ltext76                                      text76       000000
__Ltext77                                      text77       000000
__Ltext78                                      text78       000000
__Ltext79                                      text79       000000
__Ltext8                                       text8        000000
__Ltext80                                      text80       000000
__Ltext81                                      text81       000000
__Ltext82                                      text82       000000
__Ltext84                                      text84       000000
__Ltext85                                      text85       000000
__Ltext86                                      text86       000000
__Ltext87                                      text87       000000
__Ltext88                                      text88       000000
__Ltext89                                      text89       000000
__Ltext9                                       text9        000000
__Ltext90                                      text90       000000
__S0                                           (abs)        0028A2
__S1                                           (abs)        000104
__S2                                           (abs)        000000
__S4                                           (abs)        000000
__S5                                           (abs)        000000
___inthi_sp                                    stack        000000
___intlo_sp                                    stack        000000
___param_bank                                  (abs)        000000
___rparam_used                                 (abs)        000001
___sp                                          stack        000000
___wmul                                        text18       002660
___wmul@multiplicand                           cstackCOMRAM 000007
___wmul@multiplier                             cstackCOMRAM 000005
___wmul@product                                cstackCOMRAM 000009
__accesstop                                    (abs)        000060
__activetblptr                                 (abs)        000003
__end_of_EUSART_DefaultErrorHandler            text88       002870
__end_of_EUSART_DefaultFramingErrorHandler     text87       0028A2
__end_of_EUSART_DefaultOverrunErrorHandler     text86       00286A
__end_of_EUSART_Initialize                     text24       001EFC
__end_of_EUSART_Receive_ISR                    text85       001A9C
__end_of_EUSART_RxDataHandler                  text89       002636
__end_of_EUSART_SetErrorHandler                text29       002810
__end_of_EUSART_SetFramingErrorHandler         text28       002806
__end_of_EUSART_SetOverrunErrorHandler         text27       0027FC
__end_of_EUSART_SetRxInterruptHandler          text26       0027F2
__end_of_EUSART_SetTxInterruptHandler          text25       0027E8
__end_of_EUSART_Transmit_ISR                   text84       0023A4
__end_of_EUSART_Write                          text12       002238
__end_of_I2C_CallbackReturnReset               text66       002884
__end_of_I2C_CallbackReturnStop                text67       002888
__end_of_I2C_Close                             text79       00260A
__end_of_I2C_DO_ADDRESS_NACK                   text43       00211E
__end_of_I2C_DO_IDLE                           text57       0027CA
__end_of_I2C_DO_RCEN                           text52       0027BE
__end_of_I2C_DO_RESET                          text44       0027B2
__end_of_I2C_DO_RX                             text53       001BEC
__end_of_I2C_DO_RX_ACK                         text47       002830
__end_of_I2C_DO_RX_NACK_RESTART                text45       002820
__end_of_I2C_DO_RX_NACK_STOP                   text46       002828
__end_of_I2C_DO_SEND_ADR_READ                  text56       0027A6
__end_of_I2C_DO_SEND_ADR_WRITE                 text55       002796
__end_of_I2C_DO_SEND_RESTART                   text49       002840
__end_of_I2C_DO_SEND_RESTART_READ              text51       002850
__end_of_I2C_DO_SEND_RESTART_WRITE             text50       002848
__end_of_I2C_DO_SEND_STOP                      text48       002838
__end_of_I2C_DO_TX                             text54       0019E0
__end_of_I2C_DO_TX_EMPTY                       text58       001E0C
__end_of_I2C_Initialize                        text23       002762
__end_of_I2C_MasterClearIrq                    text82       0028A0
__end_of_I2C_MasterClose                       text81       00289C
__end_of_I2C_MasterDisableIrq                  text80       002898
__end_of_I2C_MasterEnableRestart               text77       002890
__end_of_I2C_MasterFsm                         text42       001FE0
__end_of_I2C_MasterGetRxData                   text63       00287C
__end_of_I2C_MasterIsNack                      text60       002776
__end_of_I2C_MasterOpen                        text37       0026CC
__end_of_I2C_MasterOperation                   text39       002362
__end_of_I2C_MasterSendAck                     text62       00285E
__end_of_I2C_MasterSendNack                    text64       002864
__end_of_I2C_MasterSendTxData                  text61       002858
__end_of_I2C_MasterSetIrq                      text59       002878
__end_of_I2C_MasterStart                       text78       002894
__end_of_I2C_MasterStartRx                     text65       002880
__end_of_I2C_MasterStop                        text76       00288C
__end_of_I2C_MasterWaitForEvent                text41       002786
__end_of_I2C_MasterWrite                       text38       002818
__end_of_I2C_Open                              text36       001D10
__end_of_I2C_Poller                            text40       002708
__end_of_I2C_Read1ByteRegister                 text34       001F70
__end_of_I2C_SetAddressNackCallback            text35       002720
__end_of_I2C_SetBuffer                         text75       0026AA
__end_of_I2C_SetCallback                       text74       001E86
__end_of_I2C_SetDataCompleteCallback           text73       002738
__end_of_I2C_Write1ByteRegister                text31       00204E
__end_of_INTERRUPT_Initialize                  text22       002874
__end_of_INTERRUPT_InterruptManager            intcode      0000B0
__end_of_MCP79410_get_date                     text33       0020B8
__end_of_MCP79410_get_time                     text32       001D90
__end_of_MCP79410_init                         text30       0022DA
__end_of_OSCILLATOR_Initialize                 text21       0027DE
__end_of_PIN_MANAGER_Initialize                text20       00252E
__end_of_SYSTEM_Initialize                     text19       00274E
__end_of___wmul                                text18       002686
__end_of__initialization                       cinit        0026E0
__end_of_atoi                                  text15       001856
__end_of_fputc                                 text10       001C82
__end_of_fputs                                 text9        00231E
__end_of_fsmStateTable                         smallconst   001021
__end_of_isalpha                               text14       002420
__end_of_isdigit                               text17       0024C8
__end_of_islower                               text6        002458
__end_of_isspace                               text16       00228A
__end_of_isupper                               text13       002490
__end_of_main                                  text0        001B46
__end_of_pad                                   text7        00191C
__end_of_printf                                text1        002660
__end_of_putch                                 text11       0027D4
__end_of_rd1RegCompleteHandler                 text71       0025B2
__end_of_rd2RegCompleteHandler                 text70       002586
__end_of_rdBlkRegCompleteHandler               text68       0023E4
__end_of_strlen                                text8        0024FE
__end_of_toupper                               text5        0021E0
__end_of_vfpfcnvrt                             text3        0013E4
__end_of_vfprintf                              text2        002182
__end_of_wr1RegCompleteHandler                 text69       00255A
__end_of_wr2RegCompleteHandler                 text72       0025DE
__end_of_xtoa                                  text4        0016BC
__initialization                               cinit        0026CC
__mediumconst                                  mediumconst  000000
__pbssBANK0                                    bssBANK0     000060
__pbssCOMRAM                                   bssCOMRAM    000057
__pcinit                                       cinit        0026CC
__pcstackBANK0                                 cstackBANK0  0000D1
__pcstackBANK1                                 cstackBANK1  000100
__pcstackCOMRAM                                cstackCOMRAM 000001
__pintcode                                     intcode      000008
__pnvBANK0                                     nvBANK0      0000F2
__psmallconst                                  smallconst   001000
__ptext0                                       text0        001A9C
__ptext1                                       text1        002636
__ptext10                                      text10       001BEC
__ptext11                                      text11       0027CA
__ptext12                                      text12       0021E0
__ptext13                                      text13       002458
__ptext14                                      text14       0023E4
__ptext15                                      text15       0016BC
__ptext16                                      text16       002238
__ptext17                                      text17       002490
__ptext18                                      text18       002660
__ptext19                                      text19       002738
__ptext2                                       text2        00211E
__ptext20                                      text20       0024FE
__ptext21                                      text21       0027D4
__ptext22                                      text22       002870
__ptext23                                      text23       00274E
__ptext24                                      text24       001E86
__ptext25                                      text25       0027DE
__ptext26                                      text26       0027E8
__ptext27                                      text27       0027F2
__ptext28                                      text28       0027FC
__ptext29                                      text29       002806
__ptext3                                       text3        00104A
__ptext30                                      text30       00228A
__ptext31                                      text31       001FE0
__ptext32                                      text32       001D10
__ptext33                                      text33       00204E
__ptext34                                      text34       001EFC
__ptext35                                      text35       002708
__ptext36                                      text36       001C82
__ptext37                                      text37       0026AA
__ptext38                                      text38       002810
__ptext39                                      text39       00231E
__ptext4                                       text4        0013E4
__ptext40                                      text40       0026EA
__ptext41                                      text41       002776
__ptext42                                      text42       001F70
__ptext43                                      text43       0020B8
__ptext44                                      text44       0027A6
__ptext45                                      text45       002818
__ptext46                                      text46       002820
__ptext47                                      text47       002828
__ptext48                                      text48       002830
__ptext49                                      text49       002838
__ptext5                                       text5        002182
__ptext50                                      text50       002840
__ptext51                                      text51       002848
__ptext52                                      text52       0027B2
__ptext53                                      text53       001B46
__ptext54                                      text54       00191C
__ptext55                                      text55       002786
__ptext56                                      text56       002796
__ptext57                                      text57       0027BE
__ptext58                                      text58       001D90
__ptext59                                      text59       002874
__ptext6                                       text6        002420
__ptext60                                      text60       002762
__ptext61                                      text61       002850
__ptext62                                      text62       002858
__ptext63                                      text63       002878
__ptext64                                      text64       00285E
__ptext65                                      text65       00287C
__ptext66                                      text66       002880
__ptext67                                      text67       002884
__ptext68                                      text68       0023A4
__ptext69                                      text69       00252E
__ptext7                                       text7        001856
__ptext70                                      text70       00255A
__ptext71                                      text71       002586
__ptext72                                      text72       0025B2
__ptext73                                      text73       002720
__ptext74                                      text74       001E0C
__ptext75                                      text75       002686
__ptext76                                      text76       002888
__ptext77                                      text77       00288C
__ptext78                                      text78       002890
__ptext79                                      text79       0025DE
__ptext8                                       text8        0024C8
__ptext80                                      text80       002894
__ptext81                                      text81       002898
__ptext82                                      text82       00289C
__ptext84                                      text84       002362
__ptext85                                      text85       0019E0
__ptext86                                      text86       002864
__ptext87                                      text87       0028A0
__ptext88                                      text88       00286A
__ptext89                                      text89       00260A
__ptext9                                       text9        0022DA
__ptext90                                      text90       000000
__ramtop                                       ramtop       001000
__size_of_EUSART_DefaultErrorHandler           (abs)        000000
__size_of_EUSART_DefaultFramingErrorHandler    (abs)        000000
__size_of_EUSART_DefaultOverrunErrorHandler    (abs)        000000
__size_of_EUSART_Initialize                    (abs)        000000
__size_of_EUSART_Receive_ISR                   (abs)        000000
__size_of_EUSART_RxDataHandler                 (abs)        000000
__size_of_EUSART_SetErrorHandler               (abs)        000000
__size_of_EUSART_SetFramingErrorHandler        (abs)        000000
__size_of_EUSART_SetOverrunErrorHandler        (abs)        000000
__size_of_EUSART_SetRxInterruptHandler         (abs)        000000
__size_of_EUSART_SetTxInterruptHandler         (abs)        000000
__size_of_EUSART_Transmit_ISR                  (abs)        000000
__size_of_EUSART_Write                         (abs)        000000
__size_of_I2C_CallbackReturnReset              (abs)        000000
__size_of_I2C_CallbackReturnStop               (abs)        000000
__size_of_I2C_Close                            (abs)        000000
__size_of_I2C_DO_ADDRESS_NACK                  (abs)        000000
__size_of_I2C_DO_IDLE                          (abs)        000000
__size_of_I2C_DO_RCEN                          (abs)        000000
__size_of_I2C_DO_RESET                         (abs)        000000
__size_of_I2C_DO_RX                            (abs)        000000
__size_of_I2C_DO_RX_ACK                        (abs)        000000
__size_of_I2C_DO_RX_NACK_RESTART               (abs)        000000
__size_of_I2C_DO_RX_NACK_STOP                  (abs)        000000
__size_of_I2C_DO_SEND_ADR_READ                 (abs)        000000
__size_of_I2C_DO_SEND_ADR_WRITE                (abs)        000000
__size_of_I2C_DO_SEND_RESTART                  (abs)        000000
__size_of_I2C_DO_SEND_RESTART_READ             (abs)        000000
__size_of_I2C_DO_SEND_RESTART_WRITE            (abs)        000000
__size_of_I2C_DO_SEND_STOP                     (abs)        000000
__size_of_I2C_DO_TX                            (abs)        000000
__size_of_I2C_DO_TX_EMPTY                      (abs)        000000
__size_of_I2C_Initialize                       (abs)        000000
__size_of_I2C_MasterClearIrq                   (abs)        000000
__size_of_I2C_MasterClose                      (abs)        000000
__size_of_I2C_MasterDisableIrq                 (abs)        000000
__size_of_I2C_MasterEnableRestart              (abs)        000000
__size_of_I2C_MasterFsm                        (abs)        000000
__size_of_I2C_MasterGetRxData                  (abs)        000000
__size_of_I2C_MasterIsNack                     (abs)        000000
__size_of_I2C_MasterOpen                       (abs)        000000
__size_of_I2C_MasterOperation                  (abs)        000000
__size_of_I2C_MasterSendAck                    (abs)        000000
__size_of_I2C_MasterSendNack                   (abs)        000000
__size_of_I2C_MasterSendTxData                 (abs)        000000
__size_of_I2C_MasterSetIrq                     (abs)        000000
__size_of_I2C_MasterStart                      (abs)        000000
__size_of_I2C_MasterStartRx                    (abs)        000000
__size_of_I2C_MasterStop                       (abs)        000000
__size_of_I2C_MasterWaitForEvent               (abs)        000000
__size_of_I2C_MasterWrite                      (abs)        000000
__size_of_I2C_Open                             (abs)        000000
__size_of_I2C_Poller                           (abs)        000000
__size_of_I2C_Read1ByteRegister                (abs)        000000
__size_of_I2C_SetAddressNackCallback           (abs)        000000
__size_of_I2C_SetBuffer                        (abs)        000000
__size_of_I2C_SetCallback                      (abs)        000000
__size_of_I2C_SetDataCompleteCallback          (abs)        000000
__size_of_I2C_Write1ByteRegister               (abs)        000000
__size_of_INTERRUPT_Initialize                 (abs)        000000
__size_of_INTERRUPT_InterruptManager           (abs)        000000
__size_of_MCP79410_get_date                    (abs)        000000
__size_of_MCP79410_get_time                    (abs)        000000
__size_of_MCP79410_init                        (abs)        000000
__size_of_OSCILLATOR_Initialize                (abs)        000000
__size_of_PIN_MANAGER_Initialize               (abs)        000000
__size_of_SYSTEM_Initialize                    (abs)        000000
__size_of___wmul                               (abs)        000000
__size_of_atoi                                 (abs)        000000
__size_of_fputc                                (abs)        000000
__size_of_fputs                                (abs)        000000
__size_of_isalpha                              (abs)        000000
__size_of_isdigit                              (abs)        000000
__size_of_islower                              (abs)        000000
__size_of_isspace                              (abs)        000000
__size_of_isupper                              (abs)        000000
__size_of_main                                 (abs)        000000
__size_of_pad                                  (abs)        000000
__size_of_printf                               (abs)        000000
__size_of_putch                                (abs)        000000
__size_of_rd1RegCompleteHandler                (abs)        000000
__size_of_rd2RegCompleteHandler                (abs)        000000
__size_of_rdBlkRegCompleteHandler              (abs)        000000
__size_of_strlen                               (abs)        000000
__size_of_toupper                              (abs)        000000
__size_of_vfpfcnvrt                            (abs)        000000
__size_of_vfprintf                             (abs)        000000
__size_of_wr1RegCompleteHandler                (abs)        000000
__size_of_wr2RegCompleteHandler                (abs)        000000
__size_of_xtoa                                 (abs)        000000
__smallconst                                   smallconst   001000
_atoi                                          text15       0016BC
_atoi$2120                                     cstackCOMRAM 000014
_atoi$2121                                     cstackCOMRAM 000018
_atoi$2122                                     cstackCOMRAM 000016
_day                                           bssBANK0     0000D0
_dbuf                                          bssBANK0     0000AB
_eusartRxBuffer                                bssBANK0     00008C
_eusartRxCount                                 bssBANK0     0000AA
_eusartRxHead                                  bssCOMRAM    000058
_eusartRxLastError                             bssBANK0     0000A9
_eusartRxStatusBuffer                          bssBANK0     000084
_eusartRxTail                                  bssCOMRAM    000057
_eusartTxBuffer                                bssBANK0     000094
_eusartTxBufferRemaining                       nvBANK0      0000FC
_eusartTxHead                                  bssCOMRAM    00005A
_eusartTxTail                                  bssCOMRAM    000059
_flags                                         bssBANK0     0000A5
_fputc                                         text10       001BEC
_fputs                                         text9        0022DA
_fsmStateTable                                 smallconst   001001
_hour                                          bssBANK0     0000CD
_isalpha                                       text14       0023E4
_isdigit                                       text17       002490
_islower                                       text6        002420
_isspace                                       text16       002238
_isspace$2147                                  cstackCOMRAM 00000B
_isupper                                       text13       002458
_main                                          text0        001A9C
_min                                           bssBANK0     0000CC
_month                                         bssBANK0     0000CF
_nout                                          bssBANK0     00009F
_pad                                           text7        001856
_prec                                          bssBANK0     0000A3
[...]
Total ram usage:        0 bytes
 Hardware stack levels used:    1
 Hardware stack levels required when called:    4
 This function calls:
		Nothing
 This function is called by:
		_I2C_Close
 This function uses a non-reentrant model


 *************** function _I2C_MasterClearIrq *****************
 Defined at:
		line 640 in file "mcc_generated_files/i2c_master.c"
 Parameters:    Size  Location     Type
		None
 Auto vars:     Size  Location     Type
		None
 Return value:  Size  Location     Type
                  1    wreg      void 
 Registers used:
		None
 Tracked objects:
		On entry : 
		On exit  : 
		Unchanged: 
 Data sizes:     COMRAM   BANK0   BANK1   BANK2   BANK3   BANK4   BANK5   BANK6   BANK7   BANK8   BANK9  BANK10  BANK11  BANK12  BANK13  BANK14  BANK15
      Params:         0       0       0       0       0       0       0       0       0       0       0       0       0       0       0       0       0
      Locals:         0       0       0       0       0       0       0       0       0       0       0       0       0       0       0       0       0
      Temps:          0       0       0       0       0       0       0       0       0       0       0       0       0       0       0       0       0
      Totals:         0       0       0       0       0       0       0       0       0       0       0       0       0       0       0       0       0
Total ram usage:        0 bytes
 Hardware stack levels used:    1
 Hardware stack levels required when called:    4
 This function calls:
		Nothing
 This function is called by:
		_I2C_Open
		_I2C_Close
		_I2C_MasterFsm
 This function uses a non-reentrant model


 *************** function _INTERRUPT_InterruptManager *****************
 Defined at:
		line 58 in file "mcc_generated_files/interrupt_manager.c"
 Parameters:    Size  Location     Type
		None
 Auto vars:     Size  Location     Type
		None
 Return value:  Size  Location     Type
                  1    wreg      void 
 Registers used:
		wreg, fsr2l, fsr2h, status,2, status,0, pclath, tosl, cstack
 Tracked objects:
		On entry : 
		On exit  : 
		Unchanged: 
 Data sizes:     COMRAM   BANK0   BANK1   BANK2   BANK3   BANK4   BANK5   BANK6   BANK7   BANK8   BANK9  BANK10  BANK11  BANK12  BANK13  BANK14  BANK15
      Params:         0       0       0       0       0       0       0       0       0       0       0       0       0       0       0       0       0
      Locals:         0       0       0       0       0       0       0       0       0       0       0       0       0       0       0       0       0
      Temps:          4       0       0       0       0       0       0       0       0       0       0       0       0       0       0       0       0
      Totals:         4       0       0       0       0       0       0       0       0       0       0       0       0       0       0       0       0
Total ram usage:        4 bytes
 Hardware stack levels used:    1
 Hardware stack levels required when called:    3
 This function calls:
		Absolute function
		_EUSART_Receive_ISR
		_EUSART_Transmit_ISR
 This function is called by:
		Interrupt level 2
 This function uses a non-reentrant model


 *************** function _EUSART_Transmit_ISR *****************
 Defined at:
		line 206 in file "mcc_generated_files/eusart.c"
 Parameters:    Size  Location     Type
		None
 Auto vars:     Size  Location     Type
		None
 Return value:  Size  Location     Type
                  1    wreg      void 
 Registers used:
		wreg, fsr2l, fsr2h, status,2, status,0
 Tracked objects:
		On entry : 
		On exit  : 
		Unchanged: 
 Data sizes:     COMRAM   BANK0   BANK1   BANK2   BANK3   BANK4   BANK5   BANK6   BANK7   BANK8   BANK9  BANK10  BANK11  BANK12  BANK13  BANK14  BANK15
      Params:         0       0       0       0       0       0       0       0       0       0       0       0       0       0       0       0       0
      Locals:         0       0       0       0       0       0       0       0       0       0       0       0       0       0       0       0       0
      Temps:          0       0       0       0       0       0       0       0       0       0       0       0       0       0       0       0       0
      Totals:         0       0       0       0       0       0       0       0       0       0       0       0       0       0       0       0       0
Total ram usage:        0 bytes
 Hardware stack levels used:    1
 This function calls:
		Nothing
 This function is called by:
		_EUSART_Initialize
		_INTERRUPT_InterruptManager
 This function uses a non-reentrant model


 *************** function _EUSART_Receive_ISR *****************
 Defined at:
		line 225 in file "mcc_generated_files/eusart.c"
 Parameters:    Size  Location     Type
		None
 Auto vars:     Size  Location     Type
		None
 Return value:  Size  Location     Type
                  1    wreg      void 
 Registers used:
		wreg, fsr2l, fsr2h, status,2, status,0, pclath, tosl, cstack
 Tracked objects:
		On entry : 
		On exit  : 
		Unchanged: 
 Data sizes:     COMRAM   BANK0   BANK1   BANK2   BANK3   BANK4   BANK5   BANK6   BANK7   BANK8   BANK9  BANK10  BANK11  BANK12  BANK13  BANK14  BANK15
      Params:         0       0       0       0       0       0       0       0       0       0       0       0       0       0       0       0       0
      Locals:         0       0       0       0       0       0       0       0       0       0       0       0       0       0       0       0       0
      Temps:          0       0       0       0       0       0       0       0       0       0       0       0       0       0       0       0       0
      Totals:         0       0       0       0       0       0       0       0       0       0       0       0       0       0       0       0       0
Total ram usage:        0 bytes
 Hardware stack levels used:    1
 Hardware stack levels required when called:    2
 This function calls:
		Absolute function
		_EUSART_DefaultErrorHandler
		_EUSART_DefaultFramingErrorHandler
		_EUSART_DefaultOverrunErrorHandler
		_EUSART_RxDataHandler
 This function is called by:
		_EUSART_Initialize
		_INTERRUPT_InterruptManager
 This function uses a non-reentrant model


 *************** function _EUSART_DefaultOverrunErrorHandler *****************
 Defined at:
		line 261 in file "mcc_generated_files/eusart.c"
 Parameters:    Size  Location     Type
		None
 Auto vars:     Size  Location     Type
		None
 Return value:  Size  Location     Type
                  1    wreg      void 
 Registers used:
		None
 Tracked objects:
		On entry : 
		On exit  : 
		Unchanged: 
 Data sizes:     COMRAM   BANK0   BANK1   BANK2   BANK3   BANK4   BANK5   BANK6   BANK7   BANK8   BANK9  BANK10  BANK11  BANK12  BANK13  BANK14  BANK15
      Params:         0       0       0       0       0       0       0       0       0       0       0       0       0       0       0       0       0
      Locals:         0       0       0       0       0       0       0       0       0       0       0       0       0       0       0       0       0
      Temps:          0       0       0       0       0       0       0       0       0       0       0       0       0       0       0       0       0
      Totals:         0       0       0       0       0       0       0       0       0       0       0       0       0       0       0       0       0
Total ram usage:        0 bytes
 Hardware stack levels used:    1
 This function calls:
		Nothing
 This function is called by:
		_EUSART_Initialize
		_EUSART_Receive_ISR
 This function uses a non-reentrant model


 *************** function _EUSART_DefaultFramingErrorHandler *****************
 Defined at:
		line 259 in file "mcc_generated_files/eusart.c"
 Parameters:    Size  Location     Type
		None
 Auto vars:     Size  Location     Type
		None
 Return value:  Size  Location     Type
                  1    wreg      void 
 Registers used:
		None
 Tracked objects:
		On entry : 
		On exit  : 
		Unchanged: 
 Data sizes:     COMRAM   BANK0   BANK1   BANK2   BANK3   BANK4   BANK5   BANK6   BANK7   BANK8   BANK9  BANK10  BANK11  BANK12  BANK13  BANK14  BANK15
      Params:         0       0       0       0       0       0       0       0       0       0       0       0       0       0       0       0       0
      Locals:         0       0       0       0       0       0       0       0       0       0       0       0       0       0       0       0       0
      Temps:          0       0       0       0       0       0       0       0       0       0       0       0       0       0       0       0       0
      Totals:         0       0       0       0       0       0       0       0       0       0       0       0       0       0       0       0       0
Total ram usage:        0 bytes
 Hardware stack levels used:    1
 This function calls:
		Nothing
 This function is called by:
		_EUSART_Initialize
		_EUSART_Receive_ISR
 This function uses a non-reentrant model


 *************** function _EUSART_DefaultErrorHandler *****************
 Defined at:
		line 269 in file "mcc_generated_files/eusart.c"
 Parameters:    Size  Location     Type
		None
 Auto vars:     Size  Location     Type
		None
 Return value:  Size  Location     Type
                  1    wreg      void 
 Registers used:
		wreg, fsr2l, fsr2h, status,2, status,0, cstack
 Tracked objects:
		On entry : 
		On exit  : 
		Unchanged: 
 Data sizes:     COMRAM   BANK0   BANK1   BANK2   BANK3   BANK4   BANK5   BANK6   BANK7   BANK8   BANK9  BANK10  BANK11  BANK12  BANK13  BANK14  BANK15
      Params:         0       0       0       0       0       0       0       0       0       0       0       0       0       0       0       0       0
      Locals:         0       0       0       0       0       0       0       0       0       0       0       0       0       0       0       0       0
      Temps:          0       0       0       0       0       0       0       0       0       0       0       0       0       0       0       0       0
      Totals:         0       0       0       0       0       0       0       0       0       0       0       0       0       0       0       0       0
Total ram usage:        0 bytes
 Hardware stack levels used:    1
 Hardware stack levels required when called:    1
 This function calls:
		_EUSART_RxDataHandler
 This function is called by:
		_EUSART_Initialize
		_EUSART_Receive_ISR
 This function uses a non-reentrant model


 *************** function _EUSART_RxDataHandler *****************
 Defined at:
		line 249 in file "mcc_generated_files/eusart.c"
 Parameters:    Size  Location     Type
		None
 Auto vars:     Size  Location     Type
		None
 Return value:  Size  Location     Type
                  1    wreg      void 
 Registers used:
		wreg, fsr2l, fsr2h, status,2, status,0
 Tracked objects:
		On entry : 
		On exit  : 
		Unchanged: 
 Data sizes:     COMRAM   BANK0   BANK1   BANK2   BANK3   BANK4   BANK5   BANK6   BANK7   BANK8   BANK9  BANK10  BANK11  BANK12  BANK13  BANK14  BANK15
      Params:         0       0       0       0       0       0       0       0       0       0       0       0       0       0       0       0       0
      Locals:         0       0       0       0       0       0       0       0       0       0       0       0       0       0       0       0       0
      Temps:          0       0       0       0       0       0       0       0       0       0       0       0       0       0       0       0       0
      Totals:         0       0       0       0       0       0       0       0       0       0       0       0       0       0       0       0       0
Total ram usage:        0 bytes
 Hardware stack levels used:    1
 This function calls:
		Nothing
 This function is called by:
		_EUSART_Receive_ISR
		_EUSART_DefaultErrorHandler
 This function uses a non-reentrant model



MODULE INFORMATION

Module		Function		Class		Link	Load	Size
C:\Program Files\Microchip\xc8\v2.20\pic\sources\c99\common\nf_fputc.c
		_fputc         		CODE           	1BEC	0000	151

C:\Program Files\Microchip\xc8\v2.20\pic\sources\c99\common\nf_fputc.c estimated size: 151

C:\Program Files\Microchip\xc8\v2.20\pic\sources\c99\common\isdigit.c
		_isdigit       		CODE           	2490	0000	57

C:\Program Files\Microchip\xc8\v2.20\pic\sources\c99\common\isdigit.c estimated size: 57

C:\Program Files\Microchip\xc8\v2.20\pic\sources\c99\common\doprnt.c
		_vfpfcnvrt     		CODE           	104A	0000	923
		_pad           		CODE           	1856	0000	199
		_vfprintf      		CODE           	211E	0000	101
		_xtoa          		CODE           	13E4	0000	729

C:\Program Files\Microchip\xc8\v2.20\pic\sources\c99\common\doprnt.c estimated size: 1952

mcc_generated_files/interrupt_manager.c
		_INTERRUPT_Initialize		CODE           	2870	0000	5
		_INTERRUPT_InterruptManager		CODE           	0008	0000	169

mcc_generated_files/interrupt_manager.c estimated size: 174

mcc_generated_files/examples/i2c_master_example.c
		_wr1RegCompleteHandler		CODE           	252E	0000	45
		_wr2RegCompleteHandler		CODE           	25B2	0000	45
		_I2C_Write1ByteRegister		CODE           	1FE0	0000	111
		_I2C_Read1ByteRegister		CODE           	1EFC	0000	117
		_rdBlkRegCompleteHandler		CODE           	23A4	0000	65
		_rd1RegCompleteHandler		CODE           	2586	0000	45
		_rd2RegCompleteHandler		CODE           	255A	0000	45

mcc_generated_files/examples/i2c_master_example.c estimated size: 473

mcp79410.c
		_MCP79410_init 		CODE           	228A	0000	81
		_MCP79410_get_date		CODE           	204E	0000	107
		_MCP79410_get_time		CODE           	1D10	0000	129

mcp79410.c estimated size: 317

C:\Program Files\Microchip\xc8\v2.20\pic\sources\c99\common\Umul16.c
		___wmul        		CODE           	2660	0000	39

C:\Program Files\Microchip\xc8\v2.20\pic\sources\c99\common\Umul16.c estimated size: 39

mcc_generated_files/pin_manager.c
		_PIN_MANAGER_Initialize		CODE           	24FE	0000	49

mcc_generated_files/pin_manager.c estimated size: 49

C:\Program Files\Microchip\xc8\v2.20\pic\sources\c99\common\islower.c
		_islower       		CODE           	2420	0000	57

C:\Program Files\Microchip\xc8\v2.20\pic\sources\c99\common\islower.c estimated size: 57

C:\Program Files\Microchip\xc8\v2.20\pic\sources\c99\common\nf_fputs.c
		_fputs         		CODE           	22DA	0000	69

C:\Program Files\Microchip\xc8\v2.20\pic\sources\c99\common\nf_fputs.c estimated size: 69

C:\Program Files\Microchip\xc8\v2.20\pic\sources\c99\common\isupper.c
		_isupper       		CODE           	2458	0000	57

C:\Program Files\Microchip\xc8\v2.20\pic\sources\c99\common\isupper.c estimated size: 57

C:\Program Files\Microchip\xc8\v2.20\pic\sources\c99\common\toupper.c
		_toupper       		CODE           	2182	0000	95

C:\Program Files\Microchip\xc8\v2.20\pic\sources\c99\common\toupper.c estimated size: 95

shared
		__initialization		CODE           	26CC	0000	21
		_fsmStateTable 		SMALLCONST     	1001	0000	33

shared estimated size: 54

mcc_generated_files/mcc.c
		_OSCILLATOR_Initialize		CODE           	27D4	0000	11
		_SYSTEM_Initialize		CODE           	2738	0000	23

mcc_generated_files/mcc.c estimated size: 34

C:\Program Files\Microchip\xc8\v2.20\pic\sources\c99\common\isspace.c
		_isspace       		CODE           	2238	0000	83

C:\Program Files\Microchip\xc8\v2.20\pic\sources\c99\common\isspace.c estimated size: 83

C:\Program Files\Microchip\xc8\v2.20\pic\sources\c99\common\printf.c
		_printf        		CODE           	2636	0000	43

C:\Program Files\Microchip\xc8\v2.20\pic\sources\c99\common\printf.c estimated size: 43

C:\Program Files\Microchip\xc8\v2.20\pic\sources\c99\common\strlen.c
		_strlen        		CODE           	24C8	0000	55

C:\Program Files\Microchip\xc8\v2.20\pic\sources\c99\common\strlen.c estimated size: 55

mcc_generated_files/i2c_master.c
		_I2C_Close     		CODE           	25DE	0000	45
		_I2C_MasterStartRx		CODE           	287C	0000	5
		_I2C_DO_SEND_ADR_WRITE		CODE           	2786	0000	17
		_I2C_MasterWaitForEvent		CODE           	2776	0000	17
		_I2C_DO_SEND_STOP		CODE           	2830	0000	9
		_I2C_MasterSendNack		CODE           	285E	0000	7
		_I2C_MasterDisableIrq		CODE           	2894	0000	5
		_I2C_CallbackReturnStop		CODE           	2884	0000	5
		_I2C_MasterOperation		CODE           	231E	0000	69
		_I2C_DO_SEND_ADR_READ		CODE           	2796	0000	17
		_I2C_DO_RX_NACK_STOP		CODE           	2820	0000	9
		_I2C_DO_SEND_RESTART		CODE           	2838	0000	9
		_I2C_DO_RX     		CODE           	1B46	0000	167
		_I2C_DO_TX     		CODE           	191C	0000	197
		_I2C_DO_IDLE   		CODE           	27BE	0000	13
		_I2C_DO_RCEN   		CODE           	27B2	0000	13
		_I2C_Poller    		CODE           	26EA	0000	31
		_I2C_DO_RESET  		CODE           	27A6	0000	13
		_I2C_MasterClose		CODE           	2898	0000	5
		_I2C_MasterWrite		CODE           	2810	0000	9
		_I2C_DO_RX_ACK 		CODE           	2828	0000	9
		_I2C_MasterStart		CODE           	2890	0000	5
		_I2C_MasterClearIrq		CODE           	289C	0000	5
		_I2C_MasterGetRxData		CODE           	2878	0000	5
		_I2C_SetCallback		CODE           	1E0C	0000	123
		_I2C_DO_ADDRESS_NACK		CODE           	20B8	0000	103
		_I2C_MasterEnableRestart		CODE           	288C	0000	5
		_I2C_CallbackReturnReset		CODE           	2880	0000	5
		_I2C_Open      		CODE           	1C82	0000	143
		_I2C_SetAddressNackCallback		CODE           	2708	0000	25
		_I2C_DO_TX_EMPTY		CODE           	1D90	0000	125
		_I2C_DO_SEND_RESTART_WRITE		CODE           	2840	0000	9
		_I2C_MasterIsNack		CODE           	2762	0000	21
		_I2C_SetDataCompleteCallback		CODE           	2720	0000	25
		_I2C_DO_RX_NACK_RESTART		CODE           	2818	0000	9
		_I2C_MasterSendAck		CODE           	2858	0000	7
		_I2C_MasterFsm 		CODE           	1F70	0000	113
		_I2C_MasterSetIrq		CODE           	2874	0000	5
		_I2C_DO_SEND_RESTART_READ		CODE           	2848	0000	9
		_I2C_Initialize		CODE           	274E	0000	21
		_I2C_SetBuffer 		CODE           	2686	0000	37
		_I2C_MasterOpen		CODE           	26AA	0000	35
		_I2C_MasterSendTxData		CODE           	2850	0000	9
		_I2C_MasterStop		CODE           	2888	0000	5

mcc_generated_files/i2c_master.c estimated size: 1520

mcc_generated_files/eusart.c
		_EUSART_SetRxInterruptHandler		CODE           	27E8	0000	11
		_EUSART_SetTxInterruptHandler		CODE           	27DE	0000	11
		_putch         		CODE           	27CA	0000	11
		_EUSART_DefaultOverrunErrorHandler		CODE           	2864	0000	7
		_EUSART_Write  		CODE           	21E0	0000	89
		_EUSART_DefaultErrorHandler		CODE           	286A	0000	7
		_EUSART_Transmit_ISR		CODE           	2362	0000	67
		_EUSART_Initialize		CODE           	1E86	0000	119
		_EUSART_SetFramingErrorHandler		CODE           	27FC	0000	11
		_EUSART_SetErrorHandler		CODE           	2806	0000	11
		_EUSART_SetOverrunErrorHandler		CODE           	27F2	0000	11
		_EUSART_Receive_ISR		CODE           	19E0	0000	189
		_EUSART_RxDataHandler		CODE           	260A	0000	45
		_EUSART_DefaultFramingErrorHandler		CODE           	28A0	0000	3

mcc_generated_files/eusart.c estimated size: 592

C:\Program Files\Microchip\xc8\v2.20\pic\sources\c99\common\atoi.c
		_atoi          		CODE           	16BC	0000	411

C:\Program Files\Microchip\xc8\v2.20\pic\sources\c99\common\atoi.c estimated size: 411

C:\Program Files\Microchip\xc8\v2.20\pic\sources\c99\common\isalpha.c
		_isalpha       		CODE           	23E4	0000	61

C:\Program Files\Microchip\xc8\v2.20\pic\sources\c99\common\isalpha.c estimated size: 61

main.c
		_main          		CODE           	1A9C	0000	171

main.c estimated size: 171

